Archive member included because of file (symbol)

c:/program files (x86)/atmel/atmel studio 6.0/extensions/atmel/avrgcc/3.4.1.95/avrtoolchain/bin/../lib/gcc/avr/4.6.2/avr5\libgcc.a(_udivmodqi4.o)
                              26-multiplixing_two_7-segments_timer.o (__udivmodqi4)
c:/program files (x86)/atmel/atmel studio 6.0/extensions/atmel/avrgcc/3.4.1.95/avrtoolchain/bin/../lib/gcc/avr/4.6.2/avr5\libgcc.a(_exit.o)
                              c:/program files (x86)/atmel/atmel studio 6.0/extensions/atmel/avrgcc/3.4.1.95/avrtoolchain/bin/../lib/gcc/avr/4.6.2/../../../../avr/lib/avr5/crtm32.o (exit)
c:/program files (x86)/atmel/atmel studio 6.0/extensions/atmel/avrgcc/3.4.1.95/avrtoolchain/bin/../lib/gcc/avr/4.6.2/avr5\libgcc.a(_copy_data.o)
                              26-multiplixing_two_7-segments_timer.o (__do_copy_data)
c:/program files (x86)/atmel/atmel studio 6.0/extensions/atmel/avrgcc/3.4.1.95/avrtoolchain/bin/../lib/gcc/avr/4.6.2/avr5\libgcc.a(_clear_bss.o)
                              26-multiplixing_two_7-segments_timer.o (__do_clear_bss)

Allocating common symbols
Common symbol       size              file

counter             0x1               26-multiplixing_two_7-segments_timer.o
seconds             0x1               26-multiplixing_two_7-segments_timer.o

Memory Configuration

Name             Origin             Length             Attributes
text             0x00000000         0x00020000         xr
data             0x00800060         0x0000ffa0         rw !x
eeprom           0x00810000         0x00010000         rw !x
fuse             0x00820000         0x00000400         rw !x
lock             0x00830000         0x00000400         rw !x
signature        0x00840000         0x00000400         rw !x
*default*        0x00000000         0xffffffff

Linker script and memory map

LOAD c:/program files (x86)/atmel/atmel studio 6.0/extensions/atmel/avrgcc/3.4.1.95/avrtoolchain/bin/../lib/gcc/avr/4.6.2/../../../../avr/lib/avr5/crtm32.o
LOAD 26-multiplixing_two_7-segments_timer.o
LOAD Atmega_GPIO.o
LOAD seven_segment.o
LOAD timer0_CTC_mode.o
START GROUP
LOAD c:/program files (x86)/atmel/atmel studio 6.0/extensions/atmel/avrgcc/3.4.1.95/avrtoolchain/bin/../lib/gcc/avr/4.6.2/../../../../avr/lib/avr5\libm.a
END GROUP
LOAD c:/program files (x86)/atmel/atmel studio 6.0/extensions/atmel/avrgcc/3.4.1.95/avrtoolchain/bin/../lib/gcc/avr/4.6.2/avr5\libgcc.a
LOAD c:/program files (x86)/atmel/atmel studio 6.0/extensions/atmel/avrgcc/3.4.1.95/avrtoolchain/bin/../lib/gcc/avr/4.6.2/../../../../avr/lib/avr5\libc.a
LOAD c:/program files (x86)/atmel/atmel studio 6.0/extensions/atmel/avrgcc/3.4.1.95/avrtoolchain/bin/../lib/gcc/avr/4.6.2/avr5\libgcc.a

.hash
 *(.hash)

.dynsym
 *(.dynsym)

.dynstr
 *(.dynstr)

.gnu.version
 *(.gnu.version)

.gnu.version_d
 *(.gnu.version_d)

.gnu.version_r
 *(.gnu.version_r)

.rel.init
 *(.rel.init)

.rela.init
 *(.rela.init)

.rel.text
 *(.rel.text)
 *(.rel.text.*)
 *(.rel.gnu.linkonce.t*)

.rela.text
 *(.rela.text)
 *(.rela.text.*)
 *(.rela.gnu.linkonce.t*)

.rel.fini
 *(.rel.fini)

.rela.fini
 *(.rela.fini)

.rel.rodata
 *(.rel.rodata)
 *(.rel.rodata.*)
 *(.rel.gnu.linkonce.r*)

.rela.rodata
 *(.rela.rodata)
 *(.rela.rodata.*)
 *(.rela.gnu.linkonce.r*)

.rel.data
 *(.rel.data)
 *(.rel.data.*)
 *(.rel.gnu.linkonce.d*)

.rela.data
 *(.rela.data)
 *(.rela.data.*)
 *(.rela.gnu.linkonce.d*)

.rel.ctors
 *(.rel.ctors)

.rela.ctors
 *(.rela.ctors)

.rel.dtors
 *(.rel.dtors)

.rela.dtors
 *(.rela.dtors)

.rel.got
 *(.rel.got)

.rela.got
 *(.rela.got)

.rel.bss
 *(.rel.bss)

.rela.bss
 *(.rela.bss)

.rel.plt
 *(.rel.plt)

.rela.plt
 *(.rela.plt)

.text           0x00000000      0x856
 *(.vectors)
 .vectors       0x00000000       0x54 c:/program files (x86)/atmel/atmel studio 6.0/extensions/atmel/avrgcc/3.4.1.95/avrtoolchain/bin/../lib/gcc/avr/4.6.2/../../../../avr/lib/avr5/crtm32.o
                0x00000000                __vector_default
                0x00000000                __vectors
 *(.vectors)
 *(.progmem.gcc*)
 *(.progmem*)
                0x00000054                . = ALIGN (0x2)
                0x00000054                __trampolines_start = .
 *(.trampolines)
 .trampolines   0x00000054        0x0 linker stubs
 *(.trampolines*)
                0x00000054                __trampolines_end = .
 *(.jumptables)
 *(.jumptables*)
 *(.lowtext)
 *(.lowtext*)
                0x00000054                __ctors_start = .
 *(.ctors)
                0x00000054                __ctors_end = .
                0x00000054                __dtors_start = .
 *(.dtors)
                0x00000054                __dtors_end = .
 SORT(*)(.ctors)
 SORT(*)(.dtors)
 *(.init0)
 .init0         0x00000054        0x0 c:/program files (x86)/atmel/atmel studio 6.0/extensions/atmel/avrgcc/3.4.1.95/avrtoolchain/bin/../lib/gcc/avr/4.6.2/../../../../avr/lib/avr5/crtm32.o
                0x00000054                __init
 *(.init0)
 *(.init1)
 *(.init1)
 *(.init2)
 .init2         0x00000054        0xc c:/program files (x86)/atmel/atmel studio 6.0/extensions/atmel/avrgcc/3.4.1.95/avrtoolchain/bin/../lib/gcc/avr/4.6.2/../../../../avr/lib/avr5/crtm32.o
 *(.init2)
 *(.init3)
 *(.init3)
 *(.init4)
 .init4         0x00000060       0x16 c:/program files (x86)/atmel/atmel studio 6.0/extensions/atmel/avrgcc/3.4.1.95/avrtoolchain/bin/../lib/gcc/avr/4.6.2/avr5\libgcc.a(_copy_data.o)
                0x00000060                __do_copy_data
 .init4         0x00000076       0x10 c:/program files (x86)/atmel/atmel studio 6.0/extensions/atmel/avrgcc/3.4.1.95/avrtoolchain/bin/../lib/gcc/avr/4.6.2/avr5\libgcc.a(_clear_bss.o)
                0x00000076                __do_clear_bss
 *(.init4)
 *(.init5)
 *(.init5)
 *(.init6)
 *(.init6)
 *(.init7)
 *(.init7)
 *(.init8)
 *(.init8)
 *(.init9)
 .init9         0x00000086        0x8 c:/program files (x86)/atmel/atmel studio 6.0/extensions/atmel/avrgcc/3.4.1.95/avrtoolchain/bin/../lib/gcc/avr/4.6.2/../../../../avr/lib/avr5/crtm32.o
 *(.init9)
 *(.text)
 .text          0x0000008e        0x4 c:/program files (x86)/atmel/atmel studio 6.0/extensions/atmel/avrgcc/3.4.1.95/avrtoolchain/bin/../lib/gcc/avr/4.6.2/../../../../avr/lib/avr5/crtm32.o
                0x0000008e                __vector_1
                0x0000008e                __vector_12
                0x0000008e                __bad_interrupt
                0x0000008e                __vector_6
                0x0000008e                __vector_3
                0x0000008e                __vector_11
                0x0000008e                __vector_13
                0x0000008e                __vector_17
                0x0000008e                __vector_19
                0x0000008e                __vector_7
                0x0000008e                __vector_5
                0x0000008e                __vector_4
                0x0000008e                __vector_9
                0x0000008e                __vector_2
                0x0000008e                __vector_15
                0x0000008e                __vector_8
                0x0000008e                __vector_14
                0x0000008e                __vector_16
                0x0000008e                __vector_18
                0x0000008e                __vector_20
 .text          0x00000092       0x98 26-multiplixing_two_7-segments_timer.o
                0x00000092                main
                0x000000fe                __vector_10
 .text          0x0000012a      0x5ce Atmega_GPIO.o
                0x0000012a                GPIO_pin_direction
                0x0000024c                GPIO_pin_write
                0x0000036e                GPIO_pin_read
                0x000003f0                GPIO_pin_toggle
                0x0000048a                GPIO_port_direction
                0x000004c8                GPIO_port_write
                0x00000506                GPIO_port_read
                0x00000548                GPIO_pin_pull_up
                0x00000626                GPIO_port_write_high_nibble
                0x00000690                GPIO_port_write_low_nibble
 .text          0x000006f8      0x116 seven_segment.o
                0x000006f8                Seven_segment_init
                0x00000722                Seven_seg_BCD_init
                0x00000740                Seven_seg_BCD_write
                0x00000784                Seven_segment_write
 .text          0x0000080e       0x2c timer0_CTC_mode.o
                0x0000080e                timer0_ctc_init
 .text          0x0000083a        0x0 c:/program files (x86)/atmel/atmel studio 6.0/extensions/atmel/avrgcc/3.4.1.95/avrtoolchain/bin/../lib/gcc/avr/4.6.2/avr5\libgcc.a(_udivmodqi4.o)
 .text          0x0000083a        0x0 c:/program files (x86)/atmel/atmel studio 6.0/extensions/atmel/avrgcc/3.4.1.95/avrtoolchain/bin/../lib/gcc/avr/4.6.2/avr5\libgcc.a(_exit.o)
 .text          0x0000083a        0x0 c:/program files (x86)/atmel/atmel studio 6.0/extensions/atmel/avrgcc/3.4.1.95/avrtoolchain/bin/../lib/gcc/avr/4.6.2/avr5\libgcc.a(_copy_data.o)
 .text          0x0000083a        0x0 c:/program files (x86)/atmel/atmel studio 6.0/extensions/atmel/avrgcc/3.4.1.95/avrtoolchain/bin/../lib/gcc/avr/4.6.2/avr5\libgcc.a(_clear_bss.o)
                0x0000083a                . = ALIGN (0x2)
 *(.text.*)
 .text.libgcc   0x0000083a       0x18 c:/program files (x86)/atmel/atmel studio 6.0/extensions/atmel/avrgcc/3.4.1.95/avrtoolchain/bin/../lib/gcc/avr/4.6.2/avr5\libgcc.a(_udivmodqi4.o)
                0x0000083a                __udivmodqi4
 .text.libgcc   0x00000852        0x0 c:/program files (x86)/atmel/atmel studio 6.0/extensions/atmel/avrgcc/3.4.1.95/avrtoolchain/bin/../lib/gcc/avr/4.6.2/avr5\libgcc.a(_exit.o)
 .text.libgcc   0x00000852        0x0 c:/program files (x86)/atmel/atmel studio 6.0/extensions/atmel/avrgcc/3.4.1.95/avrtoolchain/bin/../lib/gcc/avr/4.6.2/avr5\libgcc.a(_copy_data.o)
 .text.libgcc   0x00000852        0x0 c:/program files (x86)/atmel/atmel studio 6.0/extensions/atmel/avrgcc/3.4.1.95/avrtoolchain/bin/../lib/gcc/avr/4.6.2/avr5\libgcc.a(_clear_bss.o)
                0x00000852                . = ALIGN (0x2)
 *(.fini9)
 .fini9         0x00000852        0x0 c:/program files (x86)/atmel/atmel studio 6.0/extensions/atmel/avrgcc/3.4.1.95/avrtoolchain/bin/../lib/gcc/avr/4.6.2/avr5\libgcc.a(_exit.o)
                0x00000852                _exit
                0x00000852                exit
 *(.fini9)
 *(.fini8)
 *(.fini8)
 *(.fini7)
 *(.fini7)
 *(.fini6)
 *(.fini6)
 *(.fini5)
 *(.fini5)
 *(.fini4)
 *(.fini4)
 *(.fini3)
 *(.fini3)
 *(.fini2)
 *(.fini2)
 *(.fini1)
 *(.fini1)
 *(.fini0)
 .fini0         0x00000852        0x4 c:/program files (x86)/atmel/atmel studio 6.0/extensions/atmel/avrgcc/3.4.1.95/avrtoolchain/bin/../lib/gcc/avr/4.6.2/avr5\libgcc.a(_exit.o)
 *(.fini0)
                0x00000856                _etext = .

.data           0x00800060       0x2a load address 0x00000856
                0x00800060                PROVIDE (__data_start, .)
 *(.data)
 .data          0x00800060        0x0 c:/program files (x86)/atmel/atmel studio 6.0/extensions/atmel/avrgcc/3.4.1.95/avrtoolchain/bin/../lib/gcc/avr/4.6.2/../../../../avr/lib/avr5/crtm32.o
 .data          0x00800060        0x0 26-multiplixing_two_7-segments_timer.o
 .data          0x00800060        0x0 Atmega_GPIO.o
 .data          0x00800060       0x2a seven_segment.o
 .data          0x0080008a        0x0 timer0_CTC_mode.o
 .data          0x0080008a        0x0 c:/program files (x86)/atmel/atmel studio 6.0/extensions/atmel/avrgcc/3.4.1.95/avrtoolchain/bin/../lib/gcc/avr/4.6.2/avr5\libgcc.a(_udivmodqi4.o)
 .data          0x0080008a        0x0 c:/program files (x86)/atmel/atmel studio 6.0/extensions/atmel/avrgcc/3.4.1.95/avrtoolchain/bin/../lib/gcc/avr/4.6.2/avr5\libgcc.a(_exit.o)
 .data          0x0080008a        0x0 c:/program files (x86)/atmel/atmel studio 6.0/extensions/atmel/avrgcc/3.4.1.95/avrtoolchain/bin/../lib/gcc/avr/4.6.2/avr5\libgcc.a(_copy_data.o)
 .data          0x0080008a        0x0 c:/program files (x86)/atmel/atmel studio 6.0/extensions/atmel/avrgcc/3.4.1.95/avrtoolchain/bin/../lib/gcc/avr/4.6.2/avr5\libgcc.a(_clear_bss.o)
 *(.data*)
 *(.rodata)
 *(.rodata*)
 *(.gnu.linkonce.d*)
                0x0080008a                . = ALIGN (0x2)
                0x0080008a                _edata = .
                0x0080008a                PROVIDE (__data_end, .)

.bss            0x0080008a        0x2
                0x0080008a                PROVIDE (__bss_start, .)
 *(.bss)
 .bss           0x0080008a        0x0 c:/program files (x86)/atmel/atmel studio 6.0/extensions/atmel/avrgcc/3.4.1.95/avrtoolchain/bin/../lib/gcc/avr/4.6.2/../../../../avr/lib/avr5/crtm32.o
 .bss           0x0080008a        0x0 26-multiplixing_two_7-segments_timer.o
 .bss           0x0080008a        0x0 Atmega_GPIO.o
 .bss           0x0080008a        0x0 seven_segment.o
 .bss           0x0080008a        0x0 timer0_CTC_mode.o
 .bss           0x0080008a        0x0 c:/program files (x86)/atmel/atmel studio 6.0/extensions/atmel/avrgcc/3.4.1.95/avrtoolchain/bin/../lib/gcc/avr/4.6.2/avr5\libgcc.a(_udivmodqi4.o)
 .bss           0x0080008a        0x0 c:/program files (x86)/atmel/atmel studio 6.0/extensions/atmel/avrgcc/3.4.1.95/avrtoolchain/bin/../lib/gcc/avr/4.6.2/avr5\libgcc.a(_exit.o)
 .bss           0x0080008a        0x0 c:/program files (x86)/atmel/atmel studio 6.0/extensions/atmel/avrgcc/3.4.1.95/avrtoolchain/bin/../lib/gcc/avr/4.6.2/avr5\libgcc.a(_copy_data.o)
 .bss           0x0080008a        0x0 c:/program files (x86)/atmel/atmel studio 6.0/extensions/atmel/avrgcc/3.4.1.95/avrtoolchain/bin/../lib/gcc/avr/4.6.2/avr5\libgcc.a(_clear_bss.o)
 *(.bss*)
 *(COMMON)
 COMMON         0x0080008a        0x2 26-multiplixing_two_7-segments_timer.o
                0x0080008a                counter
                0x0080008b                seconds
                0x0080008c                PROVIDE (__bss_end, .)
                0x00000856                __data_load_start = LOADADDR (.data)
                0x00000880                __data_load_end = (__data_load_start + SIZEOF (.data))

.noinit         0x0080008c        0x0
                0x0080008c                PROVIDE (__noinit_start, .)
 *(.noinit*)
                0x0080008c                PROVIDE (__noinit_end, .)
                0x0080008c                _end = .
                0x0080008c                PROVIDE (__heap_start, .)

.eeprom         0x00810000        0x0
 *(.eeprom*)
                0x00810000                __eeprom_end = .

.fuse
 *(.fuse)
 *(.lfuse)
 *(.hfuse)
 *(.efuse)

.lock
 *(.lock*)

.signature
 *(.signature*)

.stab           0x00000000      0x6cc
 *(.stab)
 .stab          0x00000000      0x6cc c:/program files (x86)/atmel/atmel studio 6.0/extensions/atmel/avrgcc/3.4.1.95/avrtoolchain/bin/../lib/gcc/avr/4.6.2/../../../../avr/lib/avr5/crtm32.o

.stabstr        0x00000000       0x85
 *(.stabstr)
 .stabstr       0x00000000       0x85 c:/program files (x86)/atmel/atmel studio 6.0/extensions/atmel/avrgcc/3.4.1.95/avrtoolchain/bin/../lib/gcc/avr/4.6.2/../../../../avr/lib/avr5/crtm32.o

.stab.excl
 *(.stab.excl)

.stab.exclstr
 *(.stab.exclstr)

.stab.index
 *(.stab.index)

.stab.indexstr
 *(.stab.indexstr)

.comment
 *(.comment)

.debug
 *(.debug)

.line
 *(.line)

.debug_srcinfo
 *(.debug_srcinfo)

.debug_sfnames
 *(.debug_sfnames)

.debug_aranges  0x00000000      0x100
 *(.debug_aranges)
 .debug_aranges
                0x00000000       0x20 26-multiplixing_two_7-segments_timer.o
 .debug_aranges
                0x00000020       0x20 Atmega_GPIO.o
 .debug_aranges
                0x00000040       0x20 seven_segment.o
 .debug_aranges
                0x00000060       0x20 timer0_CTC_mode.o
 .debug_aranges
                0x00000080       0x20 c:/program files (x86)/atmel/atmel studio 6.0/extensions/atmel/avrgcc/3.4.1.95/avrtoolchain/bin/../lib/gcc/avr/4.6.2/avr5\libgcc.a(_udivmodqi4.o)
 .debug_aranges
                0x000000a0       0x20 c:/program files (x86)/atmel/atmel studio 6.0/extensions/atmel/avrgcc/3.4.1.95/avrtoolchain/bin/../lib/gcc/avr/4.6.2/avr5\libgcc.a(_exit.o)
 .debug_aranges
                0x000000c0       0x20 c:/program files (x86)/atmel/atmel studio 6.0/extensions/atmel/avrgcc/3.4.1.95/avrtoolchain/bin/../lib/gcc/avr/4.6.2/avr5\libgcc.a(_copy_data.o)
 .debug_aranges
                0x000000e0       0x20 c:/program files (x86)/atmel/atmel studio 6.0/extensions/atmel/avrgcc/3.4.1.95/avrtoolchain/bin/../lib/gcc/avr/4.6.2/avr5\libgcc.a(_clear_bss.o)

.debug_pubnames
 *(.debug_pubnames)

.debug_info     0x00000000      0xa18
 *(.debug_info)
 .debug_info    0x00000000      0x115 26-multiplixing_two_7-segments_timer.o
 .debug_info    0x00000115      0x2f4 Atmega_GPIO.o
 .debug_info    0x00000409      0x201 seven_segment.o
 .debug_info    0x0000060a       0x9a timer0_CTC_mode.o
 .debug_info    0x000006a4       0xdd c:/program files (x86)/atmel/atmel studio 6.0/extensions/atmel/avrgcc/3.4.1.95/avrtoolchain/bin/../lib/gcc/avr/4.6.2/avr5\libgcc.a(_udivmodqi4.o)
 .debug_info    0x00000781       0xdd c:/program files (x86)/atmel/atmel studio 6.0/extensions/atmel/avrgcc/3.4.1.95/avrtoolchain/bin/../lib/gcc/avr/4.6.2/avr5\libgcc.a(_exit.o)
 .debug_info    0x0000085e       0xdd c:/program files (x86)/atmel/atmel studio 6.0/extensions/atmel/avrgcc/3.4.1.95/avrtoolchain/bin/../lib/gcc/avr/4.6.2/avr5\libgcc.a(_copy_data.o)
 .debug_info    0x0000093b       0xdd c:/program files (x86)/atmel/atmel studio 6.0/extensions/atmel/avrgcc/3.4.1.95/avrtoolchain/bin/../lib/gcc/avr/4.6.2/avr5\libgcc.a(_clear_bss.o)
 *(.gnu.linkonce.wi.*)

.debug_abbrev   0x00000000      0x2ce
 *(.debug_abbrev)
 .debug_abbrev  0x00000000       0x9d 26-multiplixing_two_7-segments_timer.o
 .debug_abbrev  0x0000009d       0xed Atmega_GPIO.o
 .debug_abbrev  0x0000018a       0xa8 seven_segment.o
 .debug_abbrev  0x00000232       0x4c timer0_CTC_mode.o
 .debug_abbrev  0x0000027e       0x14 c:/program files (x86)/atmel/atmel studio 6.0/extensions/atmel/avrgcc/3.4.1.95/avrtoolchain/bin/../lib/gcc/avr/4.6.2/avr5\libgcc.a(_udivmodqi4.o)
 .debug_abbrev  0x00000292       0x14 c:/program files (x86)/atmel/atmel studio 6.0/extensions/atmel/avrgcc/3.4.1.95/avrtoolchain/bin/../lib/gcc/avr/4.6.2/avr5\libgcc.a(_exit.o)
 .debug_abbrev  0x000002a6       0x14 c:/program files (x86)/atmel/atmel studio 6.0/extensions/atmel/avrgcc/3.4.1.95/avrtoolchain/bin/../lib/gcc/avr/4.6.2/avr5\libgcc.a(_copy_data.o)
 .debug_abbrev  0x000002ba       0x14 c:/program files (x86)/atmel/atmel studio 6.0/extensions/atmel/avrgcc/3.4.1.95/avrtoolchain/bin/../lib/gcc/avr/4.6.2/avr5\libgcc.a(_clear_bss.o)

.debug_line     0x00000000      0x62c
 *(.debug_line)
 .debug_line    0x00000000      0x118 26-multiplixing_two_7-segments_timer.o
 .debug_line    0x00000118      0x17c Atmega_GPIO.o
 .debug_line    0x00000294       0x7a seven_segment.o
 .debug_line    0x0000030e       0xe5 timer0_CTC_mode.o
 .debug_line    0x000003f3       0x92 c:/program files (x86)/atmel/atmel studio 6.0/extensions/atmel/avrgcc/3.4.1.95/avrtoolchain/bin/../lib/gcc/avr/4.6.2/avr5\libgcc.a(_udivmodqi4.o)
 .debug_line    0x00000485       0x88 c:/program files (x86)/atmel/atmel studio 6.0/extensions/atmel/avrgcc/3.4.1.95/avrtoolchain/bin/../lib/gcc/avr/4.6.2/avr5\libgcc.a(_exit.o)
 .debug_line    0x0000050d       0x91 c:/program files (x86)/atmel/atmel studio 6.0/extensions/atmel/avrgcc/3.4.1.95/avrtoolchain/bin/../lib/gcc/avr/4.6.2/avr5\libgcc.a(_copy_data.o)
 .debug_line    0x0000059e       0x8e c:/program files (x86)/atmel/atmel studio 6.0/extensions/atmel/avrgcc/3.4.1.95/avrtoolchain/bin/../lib/gcc/avr/4.6.2/avr5\libgcc.a(_clear_bss.o)

.debug_frame    0x00000000      0x1a8
 *(.debug_frame)
 .debug_frame   0x00000000       0x44 26-multiplixing_two_7-segments_timer.o
 .debug_frame   0x00000044       0xb4 Atmega_GPIO.o
 .debug_frame   0x000000f8       0x8c seven_segment.o
 .debug_frame   0x00000184       0x24 timer0_CTC_mode.o

.debug_str      0x00000000      0x2f8
 *(.debug_str)
 .debug_str     0x00000000      0x141 26-multiplixing_two_7-segments_timer.o
                                0x17c (size before relaxing)
 .debug_str     0x00000141      0x102 Atmega_GPIO.o
                                0x246 (size before relaxing)
 .debug_str     0x00000243       0x8e seven_segment.o
                                0x1cc (size before relaxing)
 .debug_str     0x000002d1       0x27 timer0_CTC_mode.o
                                0x149 (size before relaxing)

.debug_loc      0x00000000      0x7d9
 *(.debug_loc)
 .debug_loc     0x00000000       0x5b 26-multiplixing_two_7-segments_timer.o
 .debug_loc     0x0000005b      0x55f Atmega_GPIO.o
 .debug_loc     0x000005ba      0x21f seven_segment.o

.debug_macinfo
 *(.debug_macinfo)
OUTPUT(26-multiplixing_two_7-segments_timer.elf elf32-avr)
LOAD linker stubs
